
SYMBOLS BY NAME

      80            CTL_IRQ_STACK_SIZE  
    3e68 UDATA0     _ARC_bus_helper_task
    4088 UDATA0     _ARC_bus_task       
   11dd0 CODE       _ARC_setup          
    cf17 CONST      _ARClib_version     
   14ba4 CODE       _ARClib_version_Cmd 
    cf2a CONST      _ARClib_vstruct     
   14aee CODE       _ARCsearch_Cmd      
   11684 CODE       _BUS_I2C_release    
    3e84 UDATA0     _BUS_INT_events     
   11622 CODE       _BUS_OA_check       
   119b8 CODE       _BUS_SPI_txrx       
   115b2 CODE       _BUS_addr_to_flags  
   12c70 CODE       _BUS_alarm_ticker_update
   11608 CODE       _BUS_cmd_init       
   138e2 CODE       _BUS_cmd_resptostr  
   11720 CODE       _BUS_cmd_tx         
   13736 CODE       _BUS_cmdtostr       
   13666 CODE       _BUS_error_str      
   1153c CODE       _BUS_flags_to_addr  
   12c04 CODE       _BUS_free_alarm     
   12ace CODE       _BUS_free_buffer    
   114c0 CODE       _BUS_get_OA         
   12aa6 CODE       _BUS_get_buffer     
   12aa0 CODE       _BUS_get_buffer_size
    3e86 UDATA0     _BUS_helper_events  
   12a96 CODE       _BUS_init_buffer    
    3e88 UDATA0     _BUS_stack          
    5084 THREAD     _BUS_thread_addr_flags
   12c1c CODE       _BUS_timer_timeout_check
    4328 UDATA0     _DMA_events         
    c542 ISR        _DMA_int            
   13f0e CODE       _ERR_lev_str        
   14648 CODE       _I2C_addr_lookup    
   14690 CODE       _I2C_addr_revlookup 
    40e8 UDATA0     _I2C_rx_buf         
    40e6 UDATA0     _I2C_rx_in          
    40e4 UDATA0     _I2C_rx_out         
   12f2c CODE       _PMM_setVCore       
   12e72 CODE       _PMM_setVCoreDown   
   12d78 CODE       _PMM_setVCoreUp     
   151d0 CODE       _SD_error_str       
   11d04 CODE       _SPI_deactivate     
   11cd0 CODE       _SPI_master_setup   
   11cea CODE       _SPI_slave_setup    
    40c0 UDATA0     _SUB_events         
    c608 ISR        _SYS_NMI            
    3bc2 UDATA0     _SYS_evt            
    f3fe CODE       _Timer              
    c010 ISR        _TimerA2_ccr0_Interrupt
    c01a ISR        _TimerA2_ccr1_3_Interrupt
   154f6 CODE       _UCA2_Getc          
    c756 ISR        _UCA2_ISR           
    4f38 UDATA0     _UCA2_RxBuf         
    4fdc UDATA0     _UCA2_TxBuf         
   154ba CODE       _UCA2_TxChar        
   153de CODE       _UCA2_init_UART     
    f05a CONST      ___RAL_ascii_ctype_map
   15d9a CODE       ___RAL_ascii_mbtowc 
   15de0 CODE       ___RAL_ascii_wctomb 
    f234 CONST      ___RAL_c_locale     
    f132 CONST      ___RAL_c_locale_abbrev_day_names
    f1a6 CONST      ___RAL_c_locale_abbrev_month_names
    f1d7 CONST      ___RAL_c_locale_am_pm_indicator
    f202 CONST      ___RAL_c_locale_data
    f1de CONST      ___RAL_c_locale_date_format
    f1f0 CONST      ___RAL_c_locale_date_time_format
    f0f8 CONST      ___RAL_c_locale_day_names
    f14f CONST      ___RAL_c_locale_month_names
    f1e7 CONST      ___RAL_c_locale_time_format
    f0e8 CONST      ___RAL_codeset_ascii
    f201 CONST      ___RAL_data_empty_string
    f1ff CONST      ___RAL_data_utf8_period
    1c24 IDATA0     ___RAL_global_locale
   159f4 CODE       ___RAL_global_locale_category
    f032 CONST      ___RAL_hex_lc       
    f022 CONST      ___RAL_hex_uc       
   15d8c CODE       ___RAL_init_mbstate 
   15958 CODE       ___RAL_isctype      
   156f2 CODE       ___RAL_pow10        
   158ce CODE       ___RAL_pre_padding  
   158b0 CODE       ___RAL_print_padding
   11412 CODE       ___RAL_read_tp      
    1c00            ___RAM_Address      
    8000            ___RAM_Size         
    1c00            ___begin_IDATA0     
    5084            ___begin_THREAD     
    1c2e            ___begin_UDATA0     
     4c0            ___crt_mpy          
     4d2            ___crt_mpy32h       
     4d0            ___crt_mpy32l       
     4c8            ___crt_op2          
     4e2            ___crt_op2h         
     4e0            ___crt_op2l         
     4e4            ___crt_res0         
     4e6            ___crt_res1         
     4e8            ___crt_res2         
     4ea            ___crt_res3         
     4ca            ___crt_reslo        
   156ac CODE       ___digit            
    1c2e            ___end_IDATA0       
    5088            ___end_THREAD       
    5084            ___end_UDATA0       
   159cc CODE       ___errno            
   16050 CODE       ___float32_add      
   16226 CODE       ___float32_div      
   16300 CODE       ___float32_eq       
   15e38 CODE       ___float32_isinf    
   15e52 CODE       ___float32_isnan    
   162e4 CODE       ___float32_lt       
   1614e CODE       ___float32_mul      
    f23c CONST      ___float32_nan      
   15e6a CODE       ___float32_signbit  
   16142 CODE       ___float32_sub      
   15f9e CODE       ___float32_to_int64 
    f250 CODE       ___getchar          
   15534 CODE       ___int16_div        
   1555a CODE       ___int16_mod        
   15580 CODE       ___int16_mul        
   15512 CODE       ___int32_mul        
   15596 CODE       ___int64_lsl        
   155a8 CODE       ___int64_lsr        
   10b24 CODE       ___printf_lock      
   10b40 CODE       ___printf_unlock    
   15866 CODE       ___putc             
    f240 CODE       ___putchar          
   15748 CODE       ___strtoul          
    c732 ISR        ___thunk_ARClib_version_Cmd
    c72e ISR        ___thunk_ARCsearch_Cmd
    c00c ISR        ___thunk_Timer      
    c7c4 ISR        ___thunk___RAL_ascii_mbtowc
    c7c8 ISR        ___thunk___RAL_ascii_wctomb
    c000 ISR        ___thunk___putchar  
    c74e ISR        ___thunk_clearErrCmd
    c736 ISR        ___thunk_errReq_Cmd 
    c712 ISR        ___thunk_err_decode_arcbus
    c004 ISR        ___thunk_example_command
    c008 ISR        ___thunk_example_timer_IR
    c716 ISR        ___thunk_helpCmd    
    c752 ISR        ___thunk_logCmd     
    c73a ISR        ___thunk_priorityCmd
    c74a ISR        ___thunk_replayCmd  
    c71e ISR        ___thunk_restCmd    
    c72a ISR        ___thunk_spiCmd     
    c746 ISR        ___thunk_stackCmd   
    c742 ISR        ___thunk_statsCmd   
    c034 ISR        ___thunk_sub_events 
    c038 ISR        ___thunk_sys_events 
    c71a ISR        ___thunk_terminal   
    c722 ISR        ___thunk_timeCmd    
    c73e ISR        ___thunk_timesliceCmd
    c726 ISR        ___thunk_txCmd      
   15628 CODE       ___uint16_div       
   15640 CODE       ___uint16_mod       
   15648 CODE       ___uint64_div       
   15670 CODE       ___uint64_divmod    
   15608 CODE       ___uint64_mod       
   15e7a CODE       ___uint64_to_float32
    1c22 IDATA0     ___ungot            
    5082 UDATA0     ___user_format_extender
    f506 CODE       ___vfprintf         
    f506 CODE       ___vfprintf_float_long_long
   13e20 CODE       __record_error      
   158f8 CODE       _abs                
   11658 CODE       _addr_chk           
    497c UDATA0     _alarms             
    40c2 UDATA0     _arcBus_stat        
    1c16 IDATA0     _async_addr         
   12b70 CODE       _async_close_remote 
   12ad8 CODE       _async_isOpen       
   12ade CODE       _async_open_remote  
    4960 UDATA0     _async_rxQ          
   12b9e CODE       _async_send_data    
    1c18 IDATA0     _async_timer        
    496e UDATA0     _async_txQ          
   15908 CODE       _atoi               
   1592e CODE       _atol               
    472e UDATA0     _buffer_mutex       
    e318 CONST      _busAddrSym         
    c044 ISR        _bus_I2C_isr        
    c480 ISR        _bus_SPI_isr        
   13968 CODE       _bus_flags_tostr    
    c48c ISR        _bus_int            
    c5c2 ISR        _bus_resend         
   13988 CODE       _bus_version_err_tostr
   15126 CODE       _clearErrCmd        
   14062 CODE       _clear_saved_errors 
    1c1a IDATA0     _closed_event       
    1c1c IDATA0     _closed_flag        
    1c12 IDATA0     _cmd_parse_list     
    c80c CONST      _cmd_tbl            
   11c5c CODE       _crc16              
   11c2a CODE       _crc7               
    3c56 UDATA0     _crc_mutex          
   10f3e CODE       _ctl_byte_queue_init
   1130c CODE       _ctl_byte_queue_post
   11086 CODE       _ctl_byte_queue_post_multi
   1122c CODE       _ctl_byte_queue_post_multi_nb
   11360 CODE       _ctl_byte_queue_post_nb
   1133a CODE       _ctl_byte_queue_receive
   1115e CODE       _ctl_byte_queue_receive_multi
   1129c CODE       _ctl_byte_queue_receive_multi_nb
   1137a CODE       _ctl_byte_queue_receive_nb
    3bca UDATA0     _ctl_current_time   
   1143c CODE       _ctl_enter_isr      
   10b54 CODE       _ctl_events_init    
   10ce8 CODE       _ctl_events_set_clear
   10b68 CODE       _ctl_events_wait    
   11470 CODE       _ctl_exit_isr       
   10b0c CODE       _ctl_get_current_time
   114a8 CODE       _ctl_global_interrupts_set
   12f6c CODE       _ctl_handle_error   
   10a92 CODE       _ctl_increment_tick_from_isr
    3bcf UDATA0     _ctl_interrupt_count
    3bc6 UDATA0     _ctl_last_schedule_time
    1c06 IDATA0     _ctl_libc_mutex     
   10d48 CODE       _ctl_mutex_init     
   10d74 CODE       _ctl_mutex_lock     
   10d60 CODE       _ctl_mutex_lock_uc  
   10e78 CODE       _ctl_mutex_unlock   
   107c2 CODE       _ctl_private_add_to_task_list
   10c64 CODE       _ctl_private_events_schedule
   1138e CODE       _ctl_private_get_stack_start
   11394 CODE       _ctl_private_get_thread_local_storage
   1139a CODE       _ctl_private_init_registers
   113fc CODE       _ctl_private_init_thread_local_storage
   10810 CODE       _ctl_private_remove_from_task_list
   1084a CODE       _ctl_private_reschedule
   11420 CODE       _ctl_private_reschedule_from_api_call
    3bce UDATA0     _ctl_reschedule_on_last_isr_exit
   109ea CODE       _ctl_task_die       
    3bd0 UDATA0     _ctl_task_executing 
   10922 CODE       _ctl_task_init      
    3bd2 UDATA0     _ctl_task_list      
   1095e CODE       _ctl_task_run       
   10a12 CODE       _ctl_task_set_priority
    3bc4 UDATA0     _ctl_task_switch_callout
    1c04 IDATA0     _ctl_time_increment 
   10a50 CODE       _ctl_timeout_wait   
    1c00 IDATA0     _ctl_timeslice_period
   142f4 CODE       _doCmd              
   14bb6 CODE       _errReq_Cmd         
   12f7e CODE       _err_decode_arcbus  
   13f4c CODE       _err_do_decode      
   13c98 CODE       _err_register_handler
   13d50 CODE       _error_init         
   14094 CODE       _error_log_mem_replay
   14116 CODE       _error_log_replay   
   13d72 CODE       _error_recording_start
    f348 CODE       _example_command    
    f3cc CODE       _example_timer_IR   
   165e8 CODE       _fabsf              
   163a6 CODE       _floor              
   163a6 CODE       _floorf             
   16476 CODE       _fmod               
   16476 CODE       _fmodf              
   1662a CODE       _frexp              
   146c8 CODE       _getI2C_addr        
   13e1a CODE       _get_error_level    
   11c90 CODE       _get_ticker_time    
   159d6 CODE       _getchar            
   14242 CODE       _helpCmd            
    3c74 UDATA0     _helper_stack       
   14384 CODE       _hist_decr          
   14378 CODE       _hist_incr          
    40a4 UDATA0     _idle_task          
   11e64 CODE       _initARCbus         
   11d14 CODE       _initCLK            
   11d7a CODE       _initSVS            
   11d5e CODE       _init_timerA        
   159ba CODE       _iscntrl            
   1599a CODE       _isdigit            
   15988 CODE       _islower            
   159aa CODE       _isspace            
   15976 CODE       _isupper            
   165ee CODE       _ldexp              
   1514a CODE       _logCmd             
    f256 CODE       _main               
   12a4c CODE       _mainLoop           
   13a3c CODE       _main_return        
   141d8 CODE       _make_args          
   15e08 CODE       _memcpy             
   15e18 CODE       _memset             
   16310 CODE       _modff              
    499c UDATA0     _next_idx           
   14fc0 CODE       _parse_log_level    
    1c10 IDATA0     _powerState         
   13fd4 CODE       _print_error        
   15ac4 CODE       _printf             
   14d76 CODE       _priorityCmd        
   15b00 CODE       _puts               
   11f62 CODE       _readTA1            
   13eca CODE       _record_error       
   1509a CODE       _replayCmd          
   14022 CODE       _report_error       
   13a0a CODE       _reset_bor          
   14792 CODE       _restCmd            
    4734 UDATA0     _rxbuf              
    498c UDATA0     _saved_error        
   13e0e CODE       _set_error_level    
   11ca8 CODE       _setget_ticker_time 
   149dc CODE       _spiCmd             
   15b3a CODE       _sprintf            
   14f76 CODE       _stackCmd           
   11d72 CODE       _start_timerA       
   13a50 CODE       _startup_error_check
   14e92 CODE       _stateName          
   14f14 CODE       _statsCmd           
   15b6a CODE       _strcmp             
   15b8a CODE       _strcpy             
   15bce CODE       _strlcpy            
   15e28 CODE       _strlen             
   15ba0 CODE       _strncmp            
   15c12 CODE       _strnlen            
   15c2c CODE       _strtol             
   15cd8 CODE       _strtoul            
    f41e CODE       _sub_events         
    1c2e UDATA0     _sub_stack          
    3b8a UDATA0     _sub_task           
    f4ae CODE       _sys_events         
    23fe UDATA0     _sys_stack          
    3b6e UDATA0     _sys_task           
    c588 ISR        _task_tick          
   14390 CODE       _terminal           
    2bce UDATA0     _terminal_stack     
    3ba6 UDATA0     _terminal_task      
    3c5c UDATA0     _ticker_time        
   14848 CODE       _timeCmd            
   14e2a CODE       _timesliceCmd       
   1485e CODE       _txCmd              
    4860 UDATA0     _txbuf              
    cf68 CONST      thread_init_begin   
    cf6c CONST      thread_init_end     


SYMBOLS BY VALUE

      80            CTL_IRQ_STACK_SIZE  
     4c0            ___crt_mpy          
     4c8            ___crt_op2          
     4ca            ___crt_reslo        
     4d0            ___crt_mpy32l       
     4d2            ___crt_mpy32h       
     4e0            ___crt_op2l         
     4e2            ___crt_op2h         
     4e4            ___crt_res0         
     4e6            ___crt_res1         
     4e8            ___crt_res2         
     4ea            ___crt_res3         
    1c00            ___begin_IDATA0     
    1c00 IDATA0     _ctl_timeslice_period
    1c00            ___RAM_Address      
    1c04 IDATA0     _ctl_time_increment 
    1c06 IDATA0     _ctl_libc_mutex     
    1c10 IDATA0     _powerState         
    1c12 IDATA0     _cmd_parse_list     
    1c16 IDATA0     _async_addr         
    1c18 IDATA0     _async_timer        
    1c1a IDATA0     _closed_event       
    1c1c IDATA0     _closed_flag        
    1c22 IDATA0     ___ungot            
    1c24 IDATA0     ___RAL_global_locale
    1c2e            ___begin_UDATA0     
    1c2e            ___end_IDATA0       
    1c2e UDATA0     _sub_stack          
    23fe UDATA0     _sys_stack          
    2bce UDATA0     _terminal_stack     
    3b6e UDATA0     _sys_task           
    3b8a UDATA0     _sub_task           
    3ba6 UDATA0     _terminal_task      
    3bc2 UDATA0     _SYS_evt            
    3bc4 UDATA0     _ctl_task_switch_callout
    3bc6 UDATA0     _ctl_last_schedule_time
    3bca UDATA0     _ctl_current_time   
    3bce UDATA0     _ctl_reschedule_on_last_isr_exit
    3bcf UDATA0     _ctl_interrupt_count
    3bd0 UDATA0     _ctl_task_executing 
    3bd2 UDATA0     _ctl_task_list      
    3c56 UDATA0     _crc_mutex          
    3c5c UDATA0     _ticker_time        
    3c74 UDATA0     _helper_stack       
    3e68 UDATA0     _ARC_bus_helper_task
    3e84 UDATA0     _BUS_INT_events     
    3e86 UDATA0     _BUS_helper_events  
    3e88 UDATA0     _BUS_stack          
    4088 UDATA0     _ARC_bus_task       
    40a4 UDATA0     _idle_task          
    40c0 UDATA0     _SUB_events         
    40c2 UDATA0     _arcBus_stat        
    40e4 UDATA0     _I2C_rx_out         
    40e6 UDATA0     _I2C_rx_in          
    40e8 UDATA0     _I2C_rx_buf         
    4328 UDATA0     _DMA_events         
    472e UDATA0     _buffer_mutex       
    4734 UDATA0     _rxbuf              
    4860 UDATA0     _txbuf              
    4960 UDATA0     _async_rxQ          
    496e UDATA0     _async_txQ          
    497c UDATA0     _alarms             
    498c UDATA0     _saved_error        
    499c UDATA0     _next_idx           
    4f38 UDATA0     _UCA2_RxBuf         
    4fdc UDATA0     _UCA2_TxBuf         
    5082 UDATA0     ___user_format_extender
    5084 THREAD     _BUS_thread_addr_flags
    5084            ___begin_THREAD     
    5084            ___end_UDATA0       
    5088            ___end_THREAD       
    8000            ___RAM_Size         
    c000 ISR        ___thunk___putchar  
    c004 ISR        ___thunk_example_command
    c008 ISR        ___thunk_example_timer_IR
    c00c ISR        ___thunk_Timer      
    c010 ISR        _TimerA2_ccr0_Interrupt
    c01a ISR        _TimerA2_ccr1_3_Interrupt
    c034 ISR        ___thunk_sub_events 
    c038 ISR        ___thunk_sys_events 
    c044 ISR        _bus_I2C_isr        
    c480 ISR        _bus_SPI_isr        
    c48c ISR        _bus_int            
    c542 ISR        _DMA_int            
    c588 ISR        _task_tick          
    c5c2 ISR        _bus_resend         
    c608 ISR        _SYS_NMI            
    c712 ISR        ___thunk_err_decode_arcbus
    c716 ISR        ___thunk_helpCmd    
    c71a ISR        ___thunk_terminal   
    c71e ISR        ___thunk_restCmd    
    c722 ISR        ___thunk_timeCmd    
    c726 ISR        ___thunk_txCmd      
    c72a ISR        ___thunk_spiCmd     
    c72e ISR        ___thunk_ARCsearch_Cmd
    c732 ISR        ___thunk_ARClib_version_Cmd
    c736 ISR        ___thunk_errReq_Cmd 
    c73a ISR        ___thunk_priorityCmd
    c73e ISR        ___thunk_timesliceCmd
    c742 ISR        ___thunk_statsCmd   
    c746 ISR        ___thunk_stackCmd   
    c74a ISR        ___thunk_replayCmd  
    c74e ISR        ___thunk_clearErrCmd
    c752 ISR        ___thunk_logCmd     
    c756 ISR        _UCA2_ISR           
    c7c4 ISR        ___thunk___RAL_ascii_mbtowc
    c7c8 ISR        ___thunk___RAL_ascii_wctomb
    c80c CONST      _cmd_tbl            
    cf17 CONST      _ARClib_version     
    cf2a CONST      _ARClib_vstruct     
    cf68 CONST      thread_init_begin   
    cf6c CONST      thread_init_end     
    e318 CONST      _busAddrSym         
    f022 CONST      ___RAL_hex_uc       
    f032 CONST      ___RAL_hex_lc       
    f05a CONST      ___RAL_ascii_ctype_map
    f0e8 CONST      ___RAL_codeset_ascii
    f0f8 CONST      ___RAL_c_locale_day_names
    f132 CONST      ___RAL_c_locale_abbrev_day_names
    f14f CONST      ___RAL_c_locale_month_names
    f1a6 CONST      ___RAL_c_locale_abbrev_month_names
    f1d7 CONST      ___RAL_c_locale_am_pm_indicator
    f1de CONST      ___RAL_c_locale_date_format
    f1e7 CONST      ___RAL_c_locale_time_format
    f1f0 CONST      ___RAL_c_locale_date_time_format
    f1ff CONST      ___RAL_data_utf8_period
    f201 CONST      ___RAL_data_empty_string
    f202 CONST      ___RAL_c_locale_data
    f234 CONST      ___RAL_c_locale     
    f23c CONST      ___float32_nan      
    f240 CODE       ___putchar          
    f250 CODE       ___getchar          
    f256 CODE       _main               
    f348 CODE       _example_command    
    f3cc CODE       _example_timer_IR   
    f3fe CODE       _Timer              
    f41e CODE       _sub_events         
    f4ae CODE       _sys_events         
    f506 CODE       ___vfprintf         
    f506 CODE       ___vfprintf_float_long_long
   107c2 CODE       _ctl_private_add_to_task_list
   10810 CODE       _ctl_private_remove_from_task_list
   1084a CODE       _ctl_private_reschedule
   10922 CODE       _ctl_task_init      
   1095e CODE       _ctl_task_run       
   109ea CODE       _ctl_task_die       
   10a12 CODE       _ctl_task_set_priority
   10a50 CODE       _ctl_timeout_wait   
   10a92 CODE       _ctl_increment_tick_from_isr
   10b0c CODE       _ctl_get_current_time
   10b24 CODE       ___printf_lock      
   10b40 CODE       ___printf_unlock    
   10b54 CODE       _ctl_events_init    
   10b68 CODE       _ctl_events_wait    
   10c64 CODE       _ctl_private_events_schedule
   10ce8 CODE       _ctl_events_set_clear
   10d48 CODE       _ctl_mutex_init     
   10d60 CODE       _ctl_mutex_lock_uc  
   10d74 CODE       _ctl_mutex_lock     
   10e78 CODE       _ctl_mutex_unlock   
   10f3e CODE       _ctl_byte_queue_init
   11086 CODE       _ctl_byte_queue_post_multi
   1115e CODE       _ctl_byte_queue_receive_multi
   1122c CODE       _ctl_byte_queue_post_multi_nb
   1129c CODE       _ctl_byte_queue_receive_multi_nb
   1130c CODE       _ctl_byte_queue_post
   1133a CODE       _ctl_byte_queue_receive
   11360 CODE       _ctl_byte_queue_post_nb
   1137a CODE       _ctl_byte_queue_receive_nb
   1138e CODE       _ctl_private_get_stack_start
   11394 CODE       _ctl_private_get_thread_local_storage
   1139a CODE       _ctl_private_init_registers
   113fc CODE       _ctl_private_init_thread_local_storage
   11412 CODE       ___RAL_read_tp      
   11420 CODE       _ctl_private_reschedule_from_api_call
   1143c CODE       _ctl_enter_isr      
   11470 CODE       _ctl_exit_isr       
   114a8 CODE       _ctl_global_interrupts_set
   114c0 CODE       _BUS_get_OA         
   1153c CODE       _BUS_flags_to_addr  
   115b2 CODE       _BUS_addr_to_flags  
   11608 CODE       _BUS_cmd_init       
   11622 CODE       _BUS_OA_check       
   11658 CODE       _addr_chk           
   11684 CODE       _BUS_I2C_release    
   11720 CODE       _BUS_cmd_tx         
   119b8 CODE       _BUS_SPI_txrx       
   11c2a CODE       _crc7               
   11c5c CODE       _crc16              
   11c90 CODE       _get_ticker_time    
   11ca8 CODE       _setget_ticker_time 
   11cd0 CODE       _SPI_master_setup   
   11cea CODE       _SPI_slave_setup    
   11d04 CODE       _SPI_deactivate     
   11d14 CODE       _initCLK            
   11d5e CODE       _init_timerA        
   11d72 CODE       _start_timerA       
   11d7a CODE       _initSVS            
   11dd0 CODE       _ARC_setup          
   11e64 CODE       _initARCbus         
   11f62 CODE       _readTA1            
   12a4c CODE       _mainLoop           
   12a96 CODE       _BUS_init_buffer    
   12aa0 CODE       _BUS_get_buffer_size
   12aa6 CODE       _BUS_get_buffer     
   12ace CODE       _BUS_free_buffer    
   12ad8 CODE       _async_isOpen       
   12ade CODE       _async_open_remote  
   12b70 CODE       _async_close_remote 
   12b9e CODE       _async_send_data    
   12c04 CODE       _BUS_free_alarm     
   12c1c CODE       _BUS_timer_timeout_check
   12c70 CODE       _BUS_alarm_ticker_update
   12d78 CODE       _PMM_setVCoreUp     
   12e72 CODE       _PMM_setVCoreDown   
   12f2c CODE       _PMM_setVCore       
   12f6c CODE       _ctl_handle_error   
   12f7e CODE       _err_decode_arcbus  
   13666 CODE       _BUS_error_str      
   13736 CODE       _BUS_cmdtostr       
   138e2 CODE       _BUS_cmd_resptostr  
   13968 CODE       _bus_flags_tostr    
   13988 CODE       _bus_version_err_tostr
   13a0a CODE       _reset_bor          
   13a3c CODE       _main_return        
   13a50 CODE       _startup_error_check
   13c98 CODE       _err_register_handler
   13d50 CODE       _error_init         
   13d72 CODE       _error_recording_start
   13e0e CODE       _set_error_level    
   13e1a CODE       _get_error_level    
   13e20 CODE       __record_error      
   13eca CODE       _record_error       
   13f0e CODE       _ERR_lev_str        
   13f4c CODE       _err_do_decode      
   13fd4 CODE       _print_error        
   14022 CODE       _report_error       
   14062 CODE       _clear_saved_errors 
   14094 CODE       _error_log_mem_replay
   14116 CODE       _error_log_replay   
   141d8 CODE       _make_args          
   14242 CODE       _helpCmd            
   142f4 CODE       _doCmd              
   14378 CODE       _hist_incr          
   14384 CODE       _hist_decr          
   14390 CODE       _terminal           
   14648 CODE       _I2C_addr_lookup    
   14690 CODE       _I2C_addr_revlookup 
   146c8 CODE       _getI2C_addr        
   14792 CODE       _restCmd            
   14848 CODE       _timeCmd            
   1485e CODE       _txCmd              
   149dc CODE       _spiCmd             
   14aee CODE       _ARCsearch_Cmd      
   14ba4 CODE       _ARClib_version_Cmd 
   14bb6 CODE       _errReq_Cmd         
   14d76 CODE       _priorityCmd        
   14e2a CODE       _timesliceCmd       
   14e92 CODE       _stateName          
   14f14 CODE       _statsCmd           
   14f76 CODE       _stackCmd           
   14fc0 CODE       _parse_log_level    
   1509a CODE       _replayCmd          
   15126 CODE       _clearErrCmd        
   1514a CODE       _logCmd             
   151d0 CODE       _SD_error_str       
   153de CODE       _UCA2_init_UART     
   154ba CODE       _UCA2_TxChar        
   154f6 CODE       _UCA2_Getc          
   15512 CODE       ___int32_mul        
   15534 CODE       ___int16_div        
   1555a CODE       ___int16_mod        
   15580 CODE       ___int16_mul        
   15596 CODE       ___int64_lsl        
   155a8 CODE       ___int64_lsr        
   15608 CODE       ___uint64_mod       
   15628 CODE       ___uint16_div       
   15640 CODE       ___uint16_mod       
   15648 CODE       ___uint64_div       
   15670 CODE       ___uint64_divmod    
   156ac CODE       ___digit            
   156f2 CODE       ___RAL_pow10        
   15748 CODE       ___strtoul          
   15866 CODE       ___putc             
   158b0 CODE       ___RAL_print_padding
   158ce CODE       ___RAL_pre_padding  
   158f8 CODE       _abs                
   15908 CODE       _atoi               
   1592e CODE       _atol               
   15958 CODE       ___RAL_isctype      
   15976 CODE       _isupper            
   15988 CODE       _islower            
   1599a CODE       _isdigit            
   159aa CODE       _isspace            
   159ba CODE       _iscntrl            
   159cc CODE       ___errno            
   159d6 CODE       _getchar            
   159f4 CODE       ___RAL_global_locale_category
   15ac4 CODE       _printf             
   15b00 CODE       _puts               
   15b3a CODE       _sprintf            
   15b6a CODE       _strcmp             
   15b8a CODE       _strcpy             
   15ba0 CODE       _strncmp            
   15bce CODE       _strlcpy            
   15c12 CODE       _strnlen            
   15c2c CODE       _strtol             
   15cd8 CODE       _strtoul            
   15d8c CODE       ___RAL_init_mbstate 
   15d9a CODE       ___RAL_ascii_mbtowc 
   15de0 CODE       ___RAL_ascii_wctomb 
   15e08 CODE       _memcpy             
   15e18 CODE       _memset             
   15e28 CODE       _strlen             
   15e38 CODE       ___float32_isinf    
   15e52 CODE       ___float32_isnan    
   15e6a CODE       ___float32_signbit  
   15e7a CODE       ___uint64_to_float32
   15f9e CODE       ___float32_to_int64 
   16050 CODE       ___float32_add      
   16142 CODE       ___float32_sub      
   1614e CODE       ___float32_mul      
   16226 CODE       ___float32_div      
   162e4 CODE       ___float32_lt       
   16300 CODE       ___float32_eq       
   16310 CODE       _modff              
   163a6 CODE       _floorf             
   163a6 CODE       _floor              
   16476 CODE       _fmodf              
   16476 CODE       _fmod               
   165e8 CODE       _fabsf              
   165ee CODE       _ldexp              
   1662a CODE       _frexp              
